  Determining projects to restore...
  All projects are up-to-date for restore.
  VstepWritingLab.Shared -> D:\FPT STUDY\8_SPRING 2026\SWD392\vstep-writing-lab\backend\VstepWritingLab.Shared\bin\Debug\net9.0\VstepWritingLab.Shared.dll
  VstepWritingLab.Domain -> D:\FPT STUDY\8_SPRING 2026\SWD392\vstep-writing-lab\backend\VstepWritingLab.Domain\bin\Debug\net9.0\VstepWritingLab.Domain.dll
D:\FPT STUDY\8_SPRING 2026\SWD392\vstep-writing-lab\backend\VstepWritingLab.Business\Services\GeminiModels.cs(26,33): warning CS8618: Non-nullable property 'Parts' must contain a non-null value when exiting constructor. Consider adding the 'required' modifier or declaring the property as nullable. [D:\FPT STUDY\8_SPRING 2026\SWD392\vstep-writing-lab\backend\VstepWritingLab.Business\VstepWritingLab.Business.csproj]
D:\FPT STUDY\8_SPRING 2026\SWD392\vstep-writing-lab\backend\VstepWritingLab.Business\Services\GeminiModels.cs(11,36): warning CS8618: Non-nullable property 'Contents' must contain a non-null value when exiting constructor. Consider adding the 'required' modifier or declaring the property as nullable. [D:\FPT STUDY\8_SPRING 2026\SWD392\vstep-writing-lab\backend\VstepWritingLab.Business\VstepWritingLab.Business.csproj]
D:\FPT STUDY\8_SPRING 2026\SWD392\vstep-writing-lab\backend\VstepWritingLab.Business\Services\GeminiModels.cs(32,33): warning CS8618: Non-nullable property 'Parts' must contain a non-null value when exiting constructor. Consider adding the 'required' modifier or declaring the property as nullable. [D:\FPT STUDY\8_SPRING 2026\SWD392\vstep-writing-lab\backend\VstepWritingLab.Business\VstepWritingLab.Business.csproj]
D:\FPT STUDY\8_SPRING 2026\SWD392\vstep-writing-lab\backend\VstepWritingLab.Business\Services\GeminiModels.cs(38,23): warning CS8618: Non-nullable property 'Text' must contain a non-null value when exiting constructor. Consider adding the 'required' modifier or declaring the property as nullable. [D:\FPT STUDY\8_SPRING 2026\SWD392\vstep-writing-lab\backend\VstepWritingLab.Business\VstepWritingLab.Business.csproj]
D:\FPT STUDY\8_SPRING 2026\SWD392\vstep-writing-lab\backend\VstepWritingLab.Business\Services\GeminiModels.cs(61,38): warning CS8618: Non-nullable property 'Candidates' must contain a non-null value when exiting constructor. Consider adding the 'required' modifier or declaring the property as nullable. [D:\FPT STUDY\8_SPRING 2026\SWD392\vstep-writing-lab\backend\VstepWritingLab.Business\VstepWritingLab.Business.csproj]
D:\FPT STUDY\8_SPRING 2026\SWD392\vstep-writing-lab\backend\VstepWritingLab.Business\Services\GeminiModels.cs(64,36): warning CS8618: Non-nullable property 'UsageMetadata' must contain a non-null value when exiting constructor. Consider adding the 'required' modifier or declaring the property as nullable. [D:\FPT STUDY\8_SPRING 2026\SWD392\vstep-writing-lab\backend\VstepWritingLab.Business\VstepWritingLab.Business.csproj]
D:\FPT STUDY\8_SPRING 2026\SWD392\vstep-writing-lab\backend\VstepWritingLab.Business\Services\GeminiModels.cs(70,30): warning CS8618: Non-nullable property 'Content' must contain a non-null value when exiting constructor. Consider adding the 'required' modifier or declaring the property as nullable. [D:\FPT STUDY\8_SPRING 2026\SWD392\vstep-writing-lab\backend\VstepWritingLab.Business\VstepWritingLab.Business.csproj]
D:\FPT STUDY\8_SPRING 2026\SWD392\vstep-writing-lab\backend\VstepWritingLab.Business\Services\GeminiModels.cs(73,23): warning CS8618: Non-nullable property 'FinishReason' must contain a non-null value when exiting constructor. Consider adding the 'required' modifier or declaring the property as nullable. [D:\FPT STUDY\8_SPRING 2026\SWD392\vstep-writing-lab\backend\VstepWritingLab.Business\VstepWritingLab.Business.csproj]
D:\FPT STUDY\8_SPRING 2026\SWD392\vstep-writing-lab\backend\VstepWritingLab.Business\Services\SubmissionService.cs(114,54): error CS7036: There is no argument given that corresponds to the required parameter 'keyPoints' of 'IGradingAiService.GradeAsync(string, string, string, string[], int, string, string, UserHistory?, string, CancellationToken)' [D:\FPT STUDY\8_SPRING 2026\SWD392\vstep-writing-lab\backend\VstepWritingLab.Business\VstepWritingLab.Business.csproj]
D:\FPT STUDY\8_SPRING 2026\SWD392\vstep-writing-lab\backend\VstepWritingLab.Business\Services\DataImportService.cs(53,43): warning CS8601: Possible null reference assignment. [D:\FPT STUDY\8_SPRING 2026\SWD392\vstep-writing-lab\backend\VstepWritingLab.Business\VstepWritingLab.Business.csproj]
D:\FPT STUDY\8_SPRING 2026\SWD392\vstep-writing-lab\backend\VstepWritingLab.Business\Services\DataImportService.cs(54,43): warning CS8601: Possible null reference assignment. [D:\FPT STUDY\8_SPRING 2026\SWD392\vstep-writing-lab\backend\VstepWritingLab.Business\VstepWritingLab.Business.csproj]
D:\FPT STUDY\8_SPRING 2026\SWD392\vstep-writing-lab\backend\VstepWritingLab.Business\Services\DataImportService.cs(61,43): warning CS8601: Possible null reference assignment. [D:\FPT STUDY\8_SPRING 2026\SWD392\vstep-writing-lab\backend\VstepWritingLab.Business\VstepWritingLab.Business.csproj]
D:\FPT STUDY\8_SPRING 2026\SWD392\vstep-writing-lab\backend\VstepWritingLab.Business\Services\SubmissionService.cs(255,24): warning CS8603: Possible null reference return. [D:\FPT STUDY\8_SPRING 2026\SWD392\vstep-writing-lab\backend\VstepWritingLab.Business\VstepWritingLab.Business.csproj]
D:\FPT STUDY\8_SPRING 2026\SWD392\vstep-writing-lab\backend\VstepWritingLab.Business\Services\SubmissionService.cs(266,28): warning CS8603: Possible null reference return. [D:\FPT STUDY\8_SPRING 2026\SWD392\vstep-writing-lab\backend\VstepWritingLab.Business\VstepWritingLab.Business.csproj]
D:\FPT STUDY\8_SPRING 2026\SWD392\vstep-writing-lab\backend\VstepWritingLab.Business\Services\DataImportService.cs(137,48): warning CS8601: Possible null reference assignment. [D:\FPT STUDY\8_SPRING 2026\SWD392\vstep-writing-lab\backend\VstepWritingLab.Business\VstepWritingLab.Business.csproj]
D:\FPT STUDY\8_SPRING 2026\SWD392\vstep-writing-lab\backend\VstepWritingLab.Business\Services\DataImportService.cs(138,48): warning CS8601: Possible null reference assignment. [D:\FPT STUDY\8_SPRING 2026\SWD392\vstep-writing-lab\backend\VstepWritingLab.Business\VstepWritingLab.Business.csproj]
D:\FPT STUDY\8_SPRING 2026\SWD392\vstep-writing-lab\backend\VstepWritingLab.Business\Services\DataImportService.cs(139,48): warning CS8601: Possible null reference assignment. [D:\FPT STUDY\8_SPRING 2026\SWD392\vstep-writing-lab\backend\VstepWritingLab.Business\VstepWritingLab.Business.csproj]
D:\FPT STUDY\8_SPRING 2026\SWD392\vstep-writing-lab\backend\VstepWritingLab.Business\Services\DataImportService.cs(140,48): warning CS8601: Possible null reference assignment. [D:\FPT STUDY\8_SPRING 2026\SWD392\vstep-writing-lab\backend\VstepWritingLab.Business\VstepWritingLab.Business.csproj]
D:\FPT STUDY\8_SPRING 2026\SWD392\vstep-writing-lab\backend\VstepWritingLab.Business\Services\DataImportService.cs(146,48): warning CS8601: Possible null reference assignment. [D:\FPT STUDY\8_SPRING 2026\SWD392\vstep-writing-lab\backend\VstepWritingLab.Business\VstepWritingLab.Business.csproj]
D:\FPT STUDY\8_SPRING 2026\SWD392\vstep-writing-lab\backend\VstepWritingLab.Business\Services\DataImportService.cs(218,42): warning CS8601: Possible null reference assignment. [D:\FPT STUDY\8_SPRING 2026\SWD392\vstep-writing-lab\backend\VstepWritingLab.Business\VstepWritingLab.Business.csproj]
D:\FPT STUDY\8_SPRING 2026\SWD392\vstep-writing-lab\backend\VstepWritingLab.Business\Services\DataImportService.cs(219,42): warning CS8601: Possible null reference assignment. [D:\FPT STUDY\8_SPRING 2026\SWD392\vstep-writing-lab\backend\VstepWritingLab.Business\VstepWritingLab.Business.csproj]
D:\FPT STUDY\8_SPRING 2026\SWD392\vstep-writing-lab\backend\VstepWritingLab.Business\Services\DataImportService.cs(220,42): warning CS8601: Possible null reference assignment. [D:\FPT STUDY\8_SPRING 2026\SWD392\vstep-writing-lab\backend\VstepWritingLab.Business\VstepWritingLab.Business.csproj]

Build FAILED.

D:\FPT STUDY\8_SPRING 2026\SWD392\vstep-writing-lab\backend\VstepWritingLab.Business\Services\GeminiModels.cs(26,33): warning CS8618: Non-nullable property 'Parts' must contain a non-null value when exiting constructor. Consider adding the 'required' modifier or declaring the property as nullable. [D:\FPT STUDY\8_SPRING 2026\SWD392\vstep-writing-lab\backend\VstepWritingLab.Business\VstepWritingLab.Business.csproj]
D:\FPT STUDY\8_SPRING 2026\SWD392\vstep-writing-lab\backend\VstepWritingLab.Business\Services\GeminiModels.cs(11,36): warning CS8618: Non-nullable property 'Contents' must contain a non-null value when exiting constructor. Consider adding the 'required' modifier or declaring the property as nullable. [D:\FPT STUDY\8_SPRING 2026\SWD392\vstep-writing-lab\backend\VstepWritingLab.Business\VstepWritingLab.Business.csproj]
D:\FPT STUDY\8_SPRING 2026\SWD392\vstep-writing-lab\backend\VstepWritingLab.Business\Services\GeminiModels.cs(32,33): warning CS8618: Non-nullable property 'Parts' must contain a non-null value when exiting constructor. Consider adding the 'required' modifier or declaring the property as nullable. [D:\FPT STUDY\8_SPRING 2026\SWD392\vstep-writing-lab\backend\VstepWritingLab.Business\VstepWritingLab.Business.csproj]
D:\FPT STUDY\8_SPRING 2026\SWD392\vstep-writing-lab\backend\VstepWritingLab.Business\Services\GeminiModels.cs(38,23): warning CS8618: Non-nullable property 'Text' must contain a non-null value when exiting constructor. Consider adding the 'required' modifier or declaring the property as nullable. [D:\FPT STUDY\8_SPRING 2026\SWD392\vstep-writing-lab\backend\VstepWritingLab.Business\VstepWritingLab.Business.csproj]
D:\FPT STUDY\8_SPRING 2026\SWD392\vstep-writing-lab\backend\VstepWritingLab.Business\Services\GeminiModels.cs(61,38): warning CS8618: Non-nullable property 'Candidates' must contain a non-null value when exiting constructor. Consider adding the 'required' modifier or declaring the property as nullable. [D:\FPT STUDY\8_SPRING 2026\SWD392\vstep-writing-lab\backend\VstepWritingLab.Business\VstepWritingLab.Business.csproj]
D:\FPT STUDY\8_SPRING 2026\SWD392\vstep-writing-lab\backend\VstepWritingLab.Business\Services\GeminiModels.cs(64,36): warning CS8618: Non-nullable property 'UsageMetadata' must contain a non-null value when exiting constructor. Consider adding the 'required' modifier or declaring the property as nullable. [D:\FPT STUDY\8_SPRING 2026\SWD392\vstep-writing-lab\backend\VstepWritingLab.Business\VstepWritingLab.Business.csproj]
D:\FPT STUDY\8_SPRING 2026\SWD392\vstep-writing-lab\backend\VstepWritingLab.Business\Services\GeminiModels.cs(70,30): warning CS8618: Non-nullable property 'Content' must contain a non-null value when exiting constructor. Consider adding the 'required' modifier or declaring the property as nullable. [D:\FPT STUDY\8_SPRING 2026\SWD392\vstep-writing-lab\backend\VstepWritingLab.Business\VstepWritingLab.Business.csproj]
D:\FPT STUDY\8_SPRING 2026\SWD392\vstep-writing-lab\backend\VstepWritingLab.Business\Services\GeminiModels.cs(73,23): warning CS8618: Non-nullable property 'FinishReason' must contain a non-null value when exiting constructor. Consider adding the 'required' modifier or declaring the property as nullable. [D:\FPT STUDY\8_SPRING 2026\SWD392\vstep-writing-lab\backend\VstepWritingLab.Business\VstepWritingLab.Business.csproj]
D:\FPT STUDY\8_SPRING 2026\SWD392\vstep-writing-lab\backend\VstepWritingLab.Business\Services\DataImportService.cs(53,43): warning CS8601: Possible null reference assignment. [D:\FPT STUDY\8_SPRING 2026\SWD392\vstep-writing-lab\backend\VstepWritingLab.Business\VstepWritingLab.Business.csproj]
D:\FPT STUDY\8_SPRING 2026\SWD392\vstep-writing-lab\backend\VstepWritingLab.Business\Services\DataImportService.cs(54,43): warning CS8601: Possible null reference assignment. [D:\FPT STUDY\8_SPRING 2026\SWD392\vstep-writing-lab\backend\VstepWritingLab.Business\VstepWritingLab.Business.csproj]
D:\FPT STUDY\8_SPRING 2026\SWD392\vstep-writing-lab\backend\VstepWritingLab.Business\Services\DataImportService.cs(61,43): warning CS8601: Possible null reference assignment. [D:\FPT STUDY\8_SPRING 2026\SWD392\vstep-writing-lab\backend\VstepWritingLab.Business\VstepWritingLab.Business.csproj]
D:\FPT STUDY\8_SPRING 2026\SWD392\vstep-writing-lab\backend\VstepWritingLab.Business\Services\SubmissionService.cs(255,24): warning CS8603: Possible null reference return. [D:\FPT STUDY\8_SPRING 2026\SWD392\vstep-writing-lab\backend\VstepWritingLab.Business\VstepWritingLab.Business.csproj]
D:\FPT STUDY\8_SPRING 2026\SWD392\vstep-writing-lab\backend\VstepWritingLab.Business\Services\SubmissionService.cs(266,28): warning CS8603: Possible null reference return. [D:\FPT STUDY\8_SPRING 2026\SWD392\vstep-writing-lab\backend\VstepWritingLab.Business\VstepWritingLab.Business.csproj]
D:\FPT STUDY\8_SPRING 2026\SWD392\vstep-writing-lab\backend\VstepWritingLab.Business\Services\DataImportService.cs(137,48): warning CS8601: Possible null reference assignment. [D:\FPT STUDY\8_SPRING 2026\SWD392\vstep-writing-lab\backend\VstepWritingLab.Business\VstepWritingLab.Business.csproj]
D:\FPT STUDY\8_SPRING 2026\SWD392\vstep-writing-lab\backend\VstepWritingLab.Business\Services\DataImportService.cs(138,48): warning CS8601: Possible null reference assignment. [D:\FPT STUDY\8_SPRING 2026\SWD392\vstep-writing-lab\backend\VstepWritingLab.Business\VstepWritingLab.Business.csproj]
D:\FPT STUDY\8_SPRING 2026\SWD392\vstep-writing-lab\backend\VstepWritingLab.Business\Services\DataImportService.cs(139,48): warning CS8601: Possible null reference assignment. [D:\FPT STUDY\8_SPRING 2026\SWD392\vstep-writing-lab\backend\VstepWritingLab.Business\VstepWritingLab.Business.csproj]
D:\FPT STUDY\8_SPRING 2026\SWD392\vstep-writing-lab\backend\VstepWritingLab.Business\Services\DataImportService.cs(140,48): warning CS8601: Possible null reference assignment. [D:\FPT STUDY\8_SPRING 2026\SWD392\vstep-writing-lab\backend\VstepWritingLab.Business\VstepWritingLab.Business.csproj]
D:\FPT STUDY\8_SPRING 2026\SWD392\vstep-writing-lab\backend\VstepWritingLab.Business\Services\DataImportService.cs(146,48): warning CS8601: Possible null reference assignment. [D:\FPT STUDY\8_SPRING 2026\SWD392\vstep-writing-lab\backend\VstepWritingLab.Business\VstepWritingLab.Business.csproj]
D:\FPT STUDY\8_SPRING 2026\SWD392\vstep-writing-lab\backend\VstepWritingLab.Business\Services\DataImportService.cs(218,42): warning CS8601: Possible null reference assignment. [D:\FPT STUDY\8_SPRING 2026\SWD392\vstep-writing-lab\backend\VstepWritingLab.Business\VstepWritingLab.Business.csproj]
D:\FPT STUDY\8_SPRING 2026\SWD392\vstep-writing-lab\backend\VstepWritingLab.Business\Services\DataImportService.cs(219,42): warning CS8601: Possible null reference assignment. [D:\FPT STUDY\8_SPRING 2026\SWD392\vstep-writing-lab\backend\VstepWritingLab.Business\VstepWritingLab.Business.csproj]
D:\FPT STUDY\8_SPRING 2026\SWD392\vstep-writing-lab\backend\VstepWritingLab.Business\Services\DataImportService.cs(220,42): warning CS8601: Possible null reference assignment. [D:\FPT STUDY\8_SPRING 2026\SWD392\vstep-writing-lab\backend\VstepWritingLab.Business\VstepWritingLab.Business.csproj]
D:\FPT STUDY\8_SPRING 2026\SWD392\vstep-writing-lab\backend\VstepWritingLab.Business\Services\SubmissionService.cs(114,54): error CS7036: There is no argument given that corresponds to the required parameter 'keyPoints' of 'IGradingAiService.GradeAsync(string, string, string, string[], int, string, string, UserHistory?, string, CancellationToken)' [D:\FPT STUDY\8_SPRING 2026\SWD392\vstep-writing-lab\backend\VstepWritingLab.Business\VstepWritingLab.Business.csproj]
    21 Warning(s)
    1 Error(s)

Time Elapsed 00:00:01.56
