  Determining projects to restore...
  All projects are up-to-date for restore.
  VstepWritingLab.Shared -> D:\FPT STUDY\8_SPRING 2026\SWD392\vstep-writing-lab\backend\VstepWritingLab.Shared\bin\Debug\net9.0\VstepWritingLab.Shared.dll
  VstepWritingLab.Domain -> D:\FPT STUDY\8_SPRING 2026\SWD392\vstep-writing-lab\backend\VstepWritingLab.Domain\bin\Debug\net9.0\VstepWritingLab.Domain.dll
D:\FPT STUDY\8_SPRING 2026\SWD392\vstep-writing-lab\backend\VstepWritingLab.Business\Services\AiGradingService.cs(19,37): error CS0535: 'AiGradingService' does not implement interface member 'IGradingAiService.GradePhase1Async(string, string, string, string[], int, string, string, UserHistory?, string, CancellationToken)' [D:\FPT STUDY\8_SPRING 2026\SWD392\vstep-writing-lab\backend\VstepWritingLab.Business\VstepWritingLab.Business.csproj]
D:\FPT STUDY\8_SPRING 2026\SWD392\vstep-writing-lab\backend\VstepWritingLab.Business\Services\AiGradingService.cs(19,37): error CS0535: 'AiGradingService' does not implement interface member 'IGradingAiService.GradePhase2Async(string, string, string, string[], int, string, string, UserHistory?, string, CancellationToken)' [D:\FPT STUDY\8_SPRING 2026\SWD392\vstep-writing-lab\backend\VstepWritingLab.Business\VstepWritingLab.Business.csproj]

Build FAILED.

D:\FPT STUDY\8_SPRING 2026\SWD392\vstep-writing-lab\backend\VstepWritingLab.Business\Services\AiGradingService.cs(19,37): error CS0535: 'AiGradingService' does not implement interface member 'IGradingAiService.GradePhase1Async(string, string, string, string[], int, string, string, UserHistory?, string, CancellationToken)' [D:\FPT STUDY\8_SPRING 2026\SWD392\vstep-writing-lab\backend\VstepWritingLab.Business\VstepWritingLab.Business.csproj]
D:\FPT STUDY\8_SPRING 2026\SWD392\vstep-writing-lab\backend\VstepWritingLab.Business\Services\AiGradingService.cs(19,37): error CS0535: 'AiGradingService' does not implement interface member 'IGradingAiService.GradePhase2Async(string, string, string, string[], int, string, string, UserHistory?, string, CancellationToken)' [D:\FPT STUDY\8_SPRING 2026\SWD392\vstep-writing-lab\backend\VstepWritingLab.Business\VstepWritingLab.Business.csproj]
    0 Warning(s)
    2 Error(s)

Time Elapsed 00:00:02.06
